Archive member included to satisfy reference by file (symbol)

C:/ST/STM32CubeIDE_1.16.1/STM32CubeIDE/plugins/com.st.stm32cube.ide.mcu.externaltools.gnu-tools-for-stm32.12.3.rel1.win32_1.0.200.202406191623/tools/bin/../lib/gcc/arm-none-eabi/12.3.1/../../../../arm-none-eabi/lib/thumb/v7e-m+fp/hard\libc_nano.a(libc_a-exit.o)
                              C:/ST/STM32CubeIDE_1.16.1/STM32CubeIDE/plugins/com.st.stm32cube.ide.mcu.externaltools.gnu-tools-for-stm32.12.3.rel1.win32_1.0.200.202406191623/tools/bin/../lib/gcc/arm-none-eabi/12.3.1/../../../../arm-none-eabi/lib/thumb/v7e-m+fp/hard/crt0.o (exit)
C:/ST/STM32CubeIDE_1.16.1/STM32CubeIDE/plugins/com.st.stm32cube.ide.mcu.externaltools.gnu-tools-for-stm32.12.3.rel1.win32_1.0.200.202406191623/tools/bin/../lib/gcc/arm-none-eabi/12.3.1/../../../../arm-none-eabi/lib/thumb/v7e-m+fp/hard\libc_nano.a(libc_a-findfp.o)
                              C:/ST/STM32CubeIDE_1.16.1/STM32CubeIDE/plugins/com.st.stm32cube.ide.mcu.externaltools.gnu-tools-for-stm32.12.3.rel1.win32_1.0.200.202406191623/tools/bin/../lib/gcc/arm-none-eabi/12.3.1/../../../../arm-none-eabi/lib/thumb/v7e-m+fp/hard\libc_nano.a(libc_a-exit.o) (__stdio_exit_handler)
C:/ST/STM32CubeIDE_1.16.1/STM32CubeIDE/plugins/com.st.stm32cube.ide.mcu.externaltools.gnu-tools-for-stm32.12.3.rel1.win32_1.0.200.202406191623/tools/bin/../lib/gcc/arm-none-eabi/12.3.1/../../../../arm-none-eabi/lib/thumb/v7e-m+fp/hard\libc_nano.a(libc_a-fwalk.o)
                              C:/ST/STM32CubeIDE_1.16.1/STM32CubeIDE/plugins/com.st.stm32cube.ide.mcu.externaltools.gnu-tools-for-stm32.12.3.rel1.win32_1.0.200.202406191623/tools/bin/../lib/gcc/arm-none-eabi/12.3.1/../../../../arm-none-eabi/lib/thumb/v7e-m+fp/hard\libc_nano.a(libc_a-findfp.o) (_fwalk_sglue)
C:/ST/STM32CubeIDE_1.16.1/STM32CubeIDE/plugins/com.st.stm32cube.ide.mcu.externaltools.gnu-tools-for-stm32.12.3.rel1.win32_1.0.200.202406191623/tools/bin/../lib/gcc/arm-none-eabi/12.3.1/../../../../arm-none-eabi/lib/thumb/v7e-m+fp/hard\libc_nano.a(libc_a-stdio.o)
                              C:/ST/STM32CubeIDE_1.16.1/STM32CubeIDE/plugins/com.st.stm32cube.ide.mcu.externaltools.gnu-tools-for-stm32.12.3.rel1.win32_1.0.200.202406191623/tools/bin/../lib/gcc/arm-none-eabi/12.3.1/../../../../arm-none-eabi/lib/thumb/v7e-m+fp/hard\libc_nano.a(libc_a-findfp.o) (__sread)
C:/ST/STM32CubeIDE_1.16.1/STM32CubeIDE/plugins/com.st.stm32cube.ide.mcu.externaltools.gnu-tools-for-stm32.12.3.rel1.win32_1.0.200.202406191623/tools/bin/../lib/gcc/arm-none-eabi/12.3.1/../../../../arm-none-eabi/lib/thumb/v7e-m+fp/hard\libc_nano.a(libc_a-memset.o)
                              C:/ST/STM32CubeIDE_1.16.1/STM32CubeIDE/plugins/com.st.stm32cube.ide.mcu.externaltools.gnu-tools-for-stm32.12.3.rel1.win32_1.0.200.202406191623/tools/bin/../lib/gcc/arm-none-eabi/12.3.1/../../../../arm-none-eabi/lib/thumb/v7e-m+fp/hard/crt0.o (memset)
C:/ST/STM32CubeIDE_1.16.1/STM32CubeIDE/plugins/com.st.stm32cube.ide.mcu.externaltools.gnu-tools-for-stm32.12.3.rel1.win32_1.0.200.202406191623/tools/bin/../lib/gcc/arm-none-eabi/12.3.1/../../../../arm-none-eabi/lib/thumb/v7e-m+fp/hard\libc_nano.a(libc_a-closer.o)
                              C:/ST/STM32CubeIDE_1.16.1/STM32CubeIDE/plugins/com.st.stm32cube.ide.mcu.externaltools.gnu-tools-for-stm32.12.3.rel1.win32_1.0.200.202406191623/tools/bin/../lib/gcc/arm-none-eabi/12.3.1/../../../../arm-none-eabi/lib/thumb/v7e-m+fp/hard\libc_nano.a(libc_a-stdio.o) (_close_r)
C:/ST/STM32CubeIDE_1.16.1/STM32CubeIDE/plugins/com.st.stm32cube.ide.mcu.externaltools.gnu-tools-for-stm32.12.3.rel1.win32_1.0.200.202406191623/tools/bin/../lib/gcc/arm-none-eabi/12.3.1/../../../../arm-none-eabi/lib/thumb/v7e-m+fp/hard\libc_nano.a(libc_a-reent.o)
                              C:/ST/STM32CubeIDE_1.16.1/STM32CubeIDE/plugins/com.st.stm32cube.ide.mcu.externaltools.gnu-tools-for-stm32.12.3.rel1.win32_1.0.200.202406191623/tools/bin/../lib/gcc/arm-none-eabi/12.3.1/../../../../arm-none-eabi/lib/thumb/v7e-m+fp/hard\libc_nano.a(libc_a-closer.o) (errno)
C:/ST/STM32CubeIDE_1.16.1/STM32CubeIDE/plugins/com.st.stm32cube.ide.mcu.externaltools.gnu-tools-for-stm32.12.3.rel1.win32_1.0.200.202406191623/tools/bin/../lib/gcc/arm-none-eabi/12.3.1/../../../../arm-none-eabi/lib/thumb/v7e-m+fp/hard\libc_nano.a(libc_a-impure.o)
                              C:/ST/STM32CubeIDE_1.16.1/STM32CubeIDE/plugins/com.st.stm32cube.ide.mcu.externaltools.gnu-tools-for-stm32.12.3.rel1.win32_1.0.200.202406191623/tools/bin/../lib/gcc/arm-none-eabi/12.3.1/../../../../arm-none-eabi/lib/thumb/v7e-m+fp/hard\libc_nano.a(libc_a-reent.o) (_impure_ptr)
C:/ST/STM32CubeIDE_1.16.1/STM32CubeIDE/plugins/com.st.stm32cube.ide.mcu.externaltools.gnu-tools-for-stm32.12.3.rel1.win32_1.0.200.202406191623/tools/bin/../lib/gcc/arm-none-eabi/12.3.1/../../../../arm-none-eabi/lib/thumb/v7e-m+fp/hard\libc_nano.a(libc_a-lseekr.o)
[...]
Memory Configuration

Name             Origin             Length             Attributes
RAM              0x20000000         0x00020000         xrw
FLASH            0x08000000         0x00080000         xr
*default*        0x00000000         0xffffffff

Linker script and memory map

LOAD C:/ST/STM32CubeIDE_1.16.1/STM32CubeIDE/plugins/com.st.stm32cube.ide.mcu.externaltools.gnu-tools-for-stm32.12.3.rel1.win32_1.0.200.202406191623/tools/bin/../lib/gcc/arm-none-eabi/12.3.1/thumb/v7e-m+fp/hard/crti.o
LOAD C:/ST/STM32CubeIDE_1.16.1/STM32CubeIDE/plugins/com.st.stm32cube.ide.mcu.externaltools.gnu-tools-for-stm32.12.3.rel1.win32_1.0.200.202406191623/tools/bin/../lib/gcc/arm-none-eabi/12.3.1/thumb/v7e-m+fp/hard/crtbegin.o
LOAD C:/ST/STM32CubeIDE_1.16.1/STM32CubeIDE/plugins/com.st.stm32cube.ide.mcu.externaltools.gnu-tools-for-stm32.12.3.rel1.win32_1.0.200.202406191623/tools/bin/../lib/gcc/arm-none-eabi/12.3.1/../../../../arm-none-eabi/lib/thumb/v7e-m+fp/hard/crt0.o
LOAD ./Core/Modules/GPIO/GPIO.o
LOAD ./Core/Modules/MAX31865/MAX31865.o
LOAD ./Core/Modules/MeasStoreage/MS.o
LOAD ./Core/Src/main.o
LOAD ./Core/Src/stm32f4xx_hal_msp.o
LOAD ./Core/Src/stm32f4xx_it.o
LOAD ./Core/Src/syscalls.o
LOAD ./Core/Src/sysmem.o
LOAD ./Core/Src/system_stm32f4xx.o
LOAD ./Core/Startup/startup_stm32f446retx.o
LOAD ./Drivers/STM32F4xx_HAL_Driver/Src/stm32f4xx_hal.o
LOAD ./Drivers/STM32F4xx_HAL_Driver/Src/stm32f4xx_hal_cortex.o
LOAD ./Drivers/STM32F4xx_HAL_Driver/Src/stm32f4xx_hal_dma.o
LOAD ./Drivers/STM32F4xx_HAL_Driver/Src/stm32f4xx_hal_dma_ex.o
LOAD ./Drivers/STM32F4xx_HAL_Driver/Src/stm32f4xx_hal_exti.o
LOAD ./Drivers/STM32F4xx_HAL_Driver/Src/stm32f4xx_hal_flash.o
LOAD ./Drivers/STM32F4xx_HAL_Driver/Src/stm32f4xx_hal_flash_ex.o
LOAD ./Drivers/STM32F4xx_HAL_Driver/Src/stm32f4xx_hal_flash_ramfunc.o
LOAD ./Drivers/STM32F4xx_HAL_Driver/Src/stm32f4xx_hal_gpio.o
LOAD ./Drivers/STM32F4xx_HAL_Driver/Src/stm32f4xx_hal_i2c.o
LOAD ./Drivers/STM32F4xx_HAL_Driver/Src/stm32f4xx_hal_i2c_ex.o
LOAD ./Drivers/STM32F4xx_HAL_Driver/Src/stm32f4xx_hal_pwr.o
LOAD ./Drivers/STM32F4xx_HAL_Driver/Src/stm32f4xx_hal_pwr_ex.o
LOAD ./Drivers/STM32F4xx_HAL_Driver/Src/stm32f4xx_hal_rcc.o
LOAD ./Drivers/STM32F4xx_HAL_Driver/Src/stm32f4xx_hal_rcc_ex.o
LOAD ./Drivers/STM32F4xx_HAL_Driver/Src/stm32f4xx_hal_spi.o
LOAD ./Drivers/STM32F4xx_HAL_Driver/Src/stm32f4xx_hal_tim.o
LOAD ./Drivers/STM32F4xx_HAL_Driver/Src/stm32f4xx_hal_tim_ex.o
LOAD ./Drivers/STM32F4xx_HAL_Driver/Src/stm32f4xx_hal_uart.o
START GROUP
LOAD C:/ST/STM32CubeIDE_1.16.1/STM32CubeIDE/plugins/com.st.stm32cube.ide.mcu.externaltools.gnu-tools-for-stm32.12.3.rel1.win32_1.0.200.202406191623/tools/bin/../lib/gcc/arm-none-eabi/12.3.1/../../../../arm-none-eabi/lib/thumb/v7e-m+fp/hard\libstdc++_nano.a
LOAD C:/ST/STM32CubeIDE_1.16.1/STM32CubeIDE/plugins/com.st.stm32cube.ide.mcu.externaltools.gnu-tools-for-stm32.12.3.rel1.win32_1.0.200.202406191623/tools/bin/../lib/gcc/arm-none-eabi/12.3.1/../../../../arm-none-eabi/lib/thumb/v7e-m+fp/hard\libsupc++_nano.a
END GROUP
LOAD C:/ST/STM32CubeIDE_1.16.1/STM32CubeIDE/plugins/com.st.stm32cube.ide.mcu.externaltools.gnu-tools-for-stm32.12.3.rel1.win32_1.0.200.202406191623/tools/bin/../lib/gcc/arm-none-eabi/12.3.1/../../../../arm-none-eabi/lib/thumb/v7e-m+fp/hard\libstdc++_nano.a
LOAD C:/ST/STM32CubeIDE_1.16.1/STM32CubeIDE/plugins/com.st.stm32cube.ide.mcu.externaltools.gnu-tools-for-stm32.12.3.rel1.win32_1.0.200.202406191623/tools/bin/../lib/gcc/arm-none-eabi/12.3.1/../../../../arm-none-eabi/lib/thumb/v7e-m+fp/hard\libm.a
LOAD C:/ST/STM32CubeIDE_1.16.1/STM32CubeIDE/plugins/com.st.stm32cube.ide.mcu.externaltools.gnu-tools-for-stm32.12.3.rel1.win32_1.0.200.202406191623/tools/bin/../lib/gcc/arm-none-eabi/12.3.1/../../../../arm-none-eabi/lib/thumb/v7e-m+fp/hard\libc_nano.a
START GROUP
LOAD C:/ST/STM32CubeIDE_1.16.1/STM32CubeIDE/plugins/com.st.stm32cube.ide.mcu.externaltools.gnu-tools-for-stm32.12.3.rel1.win32_1.0.200.202406191623/tools/bin/../lib/gcc/arm-none-eabi/12.3.1/thumb/v7e-m+fp/hard\libgcc.a
LOAD C:/ST/STM32CubeIDE_1.16.1/STM32CubeIDE/plugins/com.st.stm32cube.ide.mcu.externaltools.gnu-tools-for-stm32.12.3.rel1.win32_1.0.200.202406191623/tools/bin/../lib/gcc/arm-none-eabi/12.3.1/../../../../arm-none-eabi/lib/thumb/v7e-m+fp/hard\libc_nano.a
END GROUP
START GROUP
LOAD C:/ST/STM32CubeIDE_1.16.1/STM32CubeIDE/plugins/com.st.stm32cube.ide.mcu.externaltools.gnu-tools-for-stm32.12.3.rel1.win32_1.0.200.202406191623/tools/bin/../lib/gcc/arm-none-eabi/12.3.1/thumb/v7e-m+fp/hard\libgcc.a
LOAD C:/ST/STM32CubeIDE_1.16.1/STM32CubeIDE/plugins/com.st.stm32cube.ide.mcu.externaltools.gnu-tools-for-stm32.12.3.rel1.win32_1.0.200.202406191623/tools/bin/../lib/gcc/arm-none-eabi/12.3.1/../../../../arm-none-eabi/lib/thumb/v7e-m+fp/hard\libc_nano.a
END GROUP
LOAD C:/ST/STM32CubeIDE_1.16.1/STM32CubeIDE/plugins/com.st.stm32cube.ide.mcu.externaltools.gnu-tools-for-stm32.12.3.rel1.win32_1.0.200.202406191623/tools/bin/../lib/gcc/arm-none-eabi/12.3.1/thumb/v7e-m+fp/hard/crtend.o
LOAD C:/ST/STM32CubeIDE_1.16.1/STM32CubeIDE/plugins/com.st.stm32cube.ide.mcu.externaltools.gnu-tools-for-stm32.12.3.rel1.win32_1.0.200.202406191623/tools/bin/../lib/gcc/arm-none-eabi/12.3.1/thumb/v7e-m+fp/hard/crtn.o
                0x20020000                        _estack = (ORIGIN (RAM) + LENGTH (RAM))
                0x00000200                        _Min_Heap_Size = 0x200
                0x00000400                        _Min_Stack_Size = 0x400

.isr_vector     0x08000000      0x1c4
                0x08000000                        . = ALIGN (0x4)
 *(.isr_vector)
 .isr_vector    0x08000000      0x1c4 ./Core/Startup/startup_stm32f446retx.o
                0x08000000                g_pfnVectors
                0x080001c4                        . = ALIGN (0x4)

.text           0x080001c8     0x4b6c
                0x080001c8                        . = ALIGN (0x4)
 *(.text)
 .text          0x080001c8       0x40 C:/ST/STM32CubeIDE_1.16.1/STM32CubeIDE/plugins/com.st.stm32cube.ide.mcu.externaltools.gnu-tools-for-stm32.12.3.rel1.win32_1.0.200.202406191623/tools/bin/../lib/gcc/arm-none-eabi/12.3.1/thumb/v7e-m+fp/hard/crtbegin.o
 .text          0x08000208       0x30 C:/ST/STM32CubeIDE_1.16.1/STM32CubeIDE/plugins/com.st.stm32cube.ide.mcu.externaltools.gnu-tools-for-stm32.12.3.rel1.win32_1.0.200.202406191623/tools/bin/../lib/gcc/arm-none-eabi/12.3.1/thumb/v7e-m+fp/hard\libgcc.a(_aeabi_uldivmod.o)
                0x08000208                __aeabi_uldivmod
 .text          0x08000238      0x2bc C:/ST/STM32CubeIDE_1.16.1/STM32CubeIDE/plugins/com.st.stm32cube.ide.mcu.externaltools.gnu-tools-for-stm32.12.3.rel1.win32_1.0.200.202406191623/tools/bin/../lib/gcc/arm-none-eabi/12.3.1/thumb/v7e-m+fp/hard\libgcc.a(_udivmoddi4.o)
                0x08000238                __udivmoddi4
 .text          0x080004f4        0x4 C:/ST/STM32CubeIDE_1.16.1/STM32CubeIDE/plugins/com.st.stm32cube.ide.mcu.externaltools.gnu-tools-for-stm32.12.3.rel1.win32_1.0.200.202406191623/tools/bin/../lib/gcc/arm-none-eabi/12.3.1/thumb/v7e-m+fp/hard\libgcc.a(_dvmd_tls.o)
                0x080004f4                __aeabi_idiv0
                0x080004f4                __aeabi_ldiv0
 *(.text*)
 .text._ZN4GPIOC2EP12GPIO_TypeDeft
                0x080004f8       0x28 ./Core/Modules/GPIO/GPIO.o
                0x080004f8                GPIO::GPIO(GPIO_TypeDef*, unsigned short)
                0x080004f8                GPIO::GPIO(GPIO_TypeDef*, unsigned short)
 .text._ZN4GPIO12digitalWriteE13GPIO_PinState
                0x08000520       0x24 ./Core/Modules/GPIO/GPIO.o
                0x08000520                GPIO::digitalWrite(GPIO_PinState)
 .text._ZN8MAX31865C2EP19__SPI_HandleTypeDefP4GPIOS3_10RTD_type_t
                0x08000544       0x48 ./Core/Modules/MAX31865/MAX31865.o
                0x08000544                MAX31865::MAX31865(__SPI_HandleTypeDef*, GPIO*, GPIO*, RTD_type_t)
                0x08000544                MAX31865::MAX31865(__SPI_HandleTypeDef*, GPIO*, GPIO*, RTD_type_t)
 .text._ZN8MAX318654initE24MAX31865_FilterSetting_t
                0x0800058c       0x54 ./Core/Modules/MAX31865/MAX31865.o
                0x0800058c                MAX31865::init(MAX31865_FilterSetting_t)
 .text._ZN8MAX3186515readNFromAddresEhPhm
                0x080005e0       0x5e ./Core/Modules/MAX31865/MAX31865.o
                0x080005e0                MAX31865::readNFromAddres(unsigned char, unsigned char*, unsigned long)
 .text._ZN8MAX3186516writeNFromAddresEhPhm
                0x0800063e       0x84 ./Core/Modules/MAX31865/MAX31865.o
                0x0800063e                MAX31865::writeNFromAddres(unsigned char, unsigned char*, unsigned long)
 .text._Z12write2EEPROMP17I2C_HandleTypeDeftttPhtmhh
                0x080006c2       0x78 ./Core/Modules/MeasStoreage/MS.o
                0x080006c2                write2EEPROM(I2C_HandleTypeDef*, unsigned short, unsigned short, unsigned short, unsigned char*, unsigned short, unsigned long, unsigned char, unsigned char)
 .text._Z14readFromEEPROMP17I2C_HandleTypeDeftttPhtmhh
                0x0800073a       0x86 ./Core/Modules/MeasStoreage/MS.o
                0x0800073a                readFromEEPROM(I2C_HandleTypeDef*, unsigned short, unsigned short, unsigned short, unsigned char*, unsigned short, unsigned long, unsigned char, unsigned char)
 .text._Z14writeMultiPageP17I2C_HandleTypeDefhtPhth
                0x080007c0       0xf6 ./Core/Modules/MeasStoreage/MS.o
                0x080007c0                writeMultiPage(I2C_HandleTypeDef*, unsigned char, unsigned short, unsigned char*, unsigned short, unsigned char)
 .text._Z12deleteRegionP17I2C_HandleTypeDefhtth
                0x080008b6      0x16e ./Core/Modules/MeasStoreage/MS.o
                0x080008b6                deleteRegion(I2C_HandleTypeDef*, unsigned char, unsigned short, unsigned short, unsigned char)
 .text._ZN18MeasurementStorageC2EP17I2C_HandleTypeDefhht
                0x08000a24       0x48 ./Core/Modules/MeasStoreage/MS.o
                0x08000a24                MeasurementStorage::MeasurementStorage(I2C_HandleTypeDef*, unsigned char, unsigned char, unsigned short)
                0x08000a24                MeasurementStorage::MeasurementStorage(I2C_HandleTypeDef*, unsigned char, unsigned char, unsigned short)
 .text._ZN18MeasurementStorage4initEy
                0x08000a6c       0x50 ./Core/Modules/MeasStoreage/MS.o
                0x08000a6c                MeasurementStorage::init(unsigned long long)
 .text._ZN18MeasurementStorage16incrementCounterEv
                0x08000abc       0xf6 ./Core/Modules/MeasStoreage/MS.o
                0x08000abc                MeasurementStorage::incrementCounter()
 .text._ZN18MeasurementStorage12resetCounterEv
                0x08000bb2       0x68 ./Core/Modules/MeasStoreage/MS.o
                0x08000bb2                MeasurementStorage::resetCounter()
 .text._ZN18MeasurementStorage12setTimestampEy
                0x08000c1a       0x66 ./Core/Modules/MeasStoreage/MS.o
                0x08000c1a                MeasurementStorage::setTimestamp(unsigned long long)
 .text._ZN18MeasurementStorage10setMaxSizeEt
                0x08000c80       0x66 ./Core/Modules/MeasStoreage/MS.o
                0x08000c80                MeasurementStorage::setMaxSize(unsigned short)
 .text._ZN18MeasurementStorage11readCounterEv
                0x08000ce6       0x6a ./Core/Modules/MeasStoreage/MS.o
                0x08000ce6                MeasurementStorage::readCounter()
 .text._ZN18MeasurementStorage8addEntryE9MeasEntry
                0x08000d50       0x8e ./Core/Modules/MeasStoreage/MS.o
                0x08000d50                MeasurementStorage::addEntry(MeasEntry)
 .text._ZN18MeasurementStorage10getEntryAtEtP9MeasEntry
                0x08000dde       0xd6 ./Core/Modules/MeasStoreage/MS.o
                0x08000dde                MeasurementStorage::getEntryAt(unsigned short, MeasEntry*)
 .text._Z8i2cScannP17I2C_HandleTypeDefPh
                0x08000eb4       0x76 ./Core/Src/main.o
                0x08000eb4                i2cScann(I2C_HandleTypeDef*, unsigned char*)
 *fill*         0x08000f2a        0x6 
 .text.main     0x08000f30      0x110 ./Core/Src/main.o
                0x08000f30                main
 .text._Z18SystemClock_Configv
                0x08001040       0xf0 ./Core/Src/main.o
                0x08001040                SystemClock_Config()
 .text._ZL12MX_I2C1_Initv
                0x08001130       0x68 ./Core/Src/main.o
 .text._ZL12MX_SPI1_Initv
                0x08001198       0x78 ./Core/Src/main.o
 .text._ZL19MX_USART2_UART_Initv
                0x08001210       0x5c ./Core/Src/main.o
 .text._ZL12MX_GPIO_Initv
                0x0800126c       0xf8 ./Core/Src/main.o
 .text.Error_Handler
                0x08001364        0xc ./Core/Src/main.o
                0x08001364                Error_Handler
 .text._Z41__static_initialization_and_destruction_0ii
                0x08001370       0x78 ./Core/Src/main.o
 .text._GLOBAL__sub_I_hi2c1
                0x080013e8       0x10 ./Core/Src/main.o
 .text.HAL_MspInit
                0x080013f8       0x50 ./Core/Src/stm32f4xx_hal_msp.o
                0x080013f8                HAL_MspInit
 .text.HAL_I2C_MspInit
                0x08001448       0x90 ./Core/Src/stm32f4xx_hal_msp.o
                0x08001448                HAL_I2C_MspInit
 .text.HAL_SPI_MspInit
                0x080014d8       0x90 ./Core/Src/stm32f4xx_hal_msp.o
                0x080014d8                HAL_SPI_MspInit
 .text.HAL_UART_MspInit
                0x08001568       0x90 ./Core/Src/stm32f4xx_hal_msp.o
                0x08001568                HAL_UART_MspInit
 .text.NMI_Handler
                0x080015f8        0x8 ./Core/Src/stm32f4xx_it.o
                0x080015f8                NMI_Handler
 .text.HardFault_Handler
                0x08001600        0x8 ./Core/Src/stm32f4xx_it.o
                0x08001600                HardFault_Handler
 .text.MemManage_Handler
                0x08001608        0x8 ./Core/Src/stm32f4xx_it.o
                0x08001608                MemManage_Handler
 .text.BusFault_Handler
                0x08001610        0x8 ./Core/Src/stm32f4xx_it.o
                0x08001610                BusFault_Handler
 .text.UsageFault_Handler
                0x08001618        0x8 ./Core/Src/stm32f4xx_it.o
                0x08001618                UsageFault_Handler
 .text.SVC_Handler
                0x08001620        0xe ./Core/Src/stm32f4xx_it.o
                0x08001620                SVC_Handler
 .text.DebugMon_Handler
                0x0800162e        0xe ./Core/Src/stm32f4xx_it.o
                0x0800162e                DebugMon_Handler
 .text.PendSV_Handler
                0x0800163c        0xe ./Core/Src/stm32f4xx_it.o
                0x0800163c                PendSV_Handler
 .text.SysTick_Handler
                0x0800164a        0xc ./Core/Src/stm32f4xx_it.o
                0x0800164a                SysTick_Handler
 *fill*         0x08001656        0x2 
 .text.SystemInit
                0x08001658       0x24 ./Core/Src/system_stm32f4xx.o
                0x08001658                SystemInit
 .text.Reset_Handler
                0x0800167c       0x50 ./Core/Startup/startup_stm32f446retx.o
                0x0800167c                Reset_Handler
 .text.Default_Handler
                0x080016cc        0x2 ./Core/Startup/startup_stm32f446retx.o
                0x080016cc                RTC_Alarm_IRQHandler
                0x080016cc                EXTI2_IRQHandler
                0x080016cc                TIM8_CC_IRQHandler
                0x080016cc                FMPI2C1_EV_IRQHandler
                0x080016cc                SPI4_IRQHandler
                0x080016cc                TIM1_CC_IRQHandler
                0x080016cc                DMA2_Stream5_IRQHandler
                0x080016cc                DMA1_Stream5_IRQHandler
                0x080016cc                PVD_IRQHandler
                0x080016cc                SDIO_IRQHandler
                0x080016cc                TAMP_STAMP_IRQHandler
                0x080016cc                CAN2_RX1_IRQHandler
                0x080016cc                EXTI3_IRQHandler
                0x080016cc                TIM8_TRG_COM_TIM14_IRQHandler
                0x080016cc                TIM1_UP_TIM10_IRQHandler
                0x080016cc                TIM8_UP_TIM13_IRQHandler
                0x080016cc                I2C3_ER_IRQHandler
                0x080016cc                EXTI0_IRQHandler
                0x080016cc                I2C2_EV_IRQHandler
                0x080016cc                DMA1_Stream2_IRQHandler
                0x080016cc                CAN1_RX0_IRQHandler
                0x080016cc                FPU_IRQHandler
                0x080016cc                OTG_HS_WKUP_IRQHandler
                0x080016cc                CAN2_SCE_IRQHandler
                0x080016cc                DMA2_Stream2_IRQHandler
                0x080016cc                SPI1_IRQHandler
                0x080016cc                TIM6_DAC_IRQHandler
                0x080016cc                TIM1_BRK_TIM9_IRQHandler
                0x080016cc                DCMI_IRQHandler
                0x080016cc                CAN2_RX0_IRQHandler
                0x080016cc                DMA2_Stream3_IRQHandler
                0x080016cc                SAI2_IRQHandler
                0x080016cc                USART6_IRQHandler
                0x080016cc                USART3_IRQHandler
                0x080016cc                CAN1_RX1_IRQHandler
                0x080016cc                UART5_IRQHandler
                0x080016cc                DMA2_Stream0_IRQHandler
                0x080016cc                TIM4_IRQHandler
                0x080016cc                QUADSPI_IRQHandler
                0x080016cc                I2C1_EV_IRQHandler
                0x080016cc                DMA1_Stream6_IRQHandler
                0x080016cc                DMA1_Stream1_IRQHandler
                0x080016cc                UART4_IRQHandler
                0x080016cc                TIM3_IRQHandler
                0x080016cc                RCC_IRQHandler
                0x080016cc                TIM8_BRK_TIM12_IRQHandler
                0x080016cc                Default_Handler
                0x080016cc                CEC_IRQHandler
                0x080016cc                EXTI15_10_IRQHandler
                0x080016cc                ADC_IRQHandler
                0x080016cc                DMA1_Stream7_IRQHandler
                0x080016cc                TIM7_IRQHandler
                0x080016cc                CAN2_TX_IRQHandler
                0x080016cc                TIM5_IRQHandler
                0x080016cc                DMA2_Stream7_IRQHandler
                0x080016cc                I2C3_EV_IRQHandler
                0x080016cc                EXTI9_5_IRQHandler
                0x080016cc                RTC_WKUP_IRQHandler
                0x080016cc                SPDIF_RX_IRQHandler
                0x080016cc                SPI2_IRQHandler
                0x080016cc                OTG_HS_EP1_IN_IRQHandler
                0x080016cc                DMA1_Stream0_IRQHandler
                0x080016cc                CAN1_TX_IRQHandler
                0x080016cc                FMPI2C1_ER_IRQHandler
                0x080016cc                EXTI4_IRQHandler
                0x080016cc                OTG_HS_EP1_OUT_IRQHandler
                0x080016cc                WWDG_IRQHandler
                0x080016cc                TIM2_IRQHandler
                0x080016cc                OTG_FS_WKUP_IRQHandler
                0x080016cc                TIM1_TRG_COM_TIM11_IRQHandler
                0x080016cc                OTG_HS_IRQHandler
                0x080016cc                EXTI1_IRQHandler
                0x080016cc                USART2_IRQHandler
                0x080016cc                I2C2_ER_IRQHandler
                0x080016cc                DMA2_Stream1_IRQHandler
                0x080016cc                CAN1_SCE_IRQHandler
                0x080016cc                FLASH_IRQHandler
                0x080016cc                DMA2_Stream4_IRQHandler
                0x080016cc                USART1_IRQHandler
                0x080016cc                OTG_FS_IRQHandler
                0x080016cc                SPI3_IRQHandler
                0x080016cc                DMA1_Stream4_IRQHandler
                0x080016cc                I2C1_ER_IRQHandler
                0x080016cc                FMC_IRQHandler
                0x080016cc                DMA2_Stream6_IRQHandler
                0x080016cc                SAI1_IRQHandler
                0x080016cc                DMA1_Stream3_IRQHandler
 *fill*         0x080016ce        0x2 
 .text.HAL_Init
                0x080016d0       0x44 ./Drivers/STM32F4xx_HAL_Driver/Src/stm32f4xx_hal.o
                0x080016d0                HAL_Init
 .text.HAL_InitTick
                0x08001714       0x60 ./Drivers/STM32F4xx_HAL_Driver/Src/stm32f4xx_hal.o
                0x08001714                HAL_InitTick
 .text.HAL_IncTick
                0x08001774       0x28 ./Drivers/STM32F4xx_HAL_Driver/Src/stm32f4xx_hal.o
                0x08001774                HAL_IncTick
 .text.HAL_GetTick
                0x0800179c       0x18 ./Drivers/STM32F4xx_HAL_Driver/Src/stm32f4xx_hal.o
                0x0800179c                HAL_GetTick
 .text.HAL_Delay
                0x080017b4       0x48 ./Drivers/STM32F4xx_HAL_Driver/Src/stm32f4xx_hal.o
                0x080017b4                HAL_Delay
 .text.__NVIC_SetPriorityGrouping
                0x080017fc       0x48 ./Drivers/STM32F4xx_HAL_Driver/Src/stm32f4xx_hal_cortex.o
 .text.__NVIC_GetPriorityGrouping
                0x08001844       0x1c ./Drivers/STM32F4xx_HAL_Driver/Src/stm32f4xx_hal_cortex.o
 .text.__NVIC_SetPriority
                0x08001860       0x54 ./Drivers/STM32F4xx_HAL_Driver/Src/stm32f4xx_hal_cortex.o
 .text.NVIC_EncodePriority
                0x080018b4       0x66 ./Drivers/STM32F4xx_HAL_Driver/Src/stm32f4xx_hal_cortex.o
 *fill*         0x0800191a        0x2 
 .text.SysTick_Config
                0x0800191c       0x44 ./Drivers/STM32F4xx_HAL_Driver/Src/stm32f4xx_hal_cortex.o
 .text.HAL_NVIC_SetPriorityGrouping
                0x08001960       0x16 ./Drivers/STM32F4xx_HAL_Driver/Src/stm32f4xx_hal_cortex.o
                0x08001960                HAL_NVIC_SetPriorityGrouping
 .text.HAL_NVIC_SetPriority
                0x08001976       0x38 ./Drivers/STM32F4xx_HAL_Driver/Src/stm32f4xx_hal_cortex.o
                0x08001976                HAL_NVIC_SetPriority
 .text.HAL_SYSTICK_Config
                0x080019ae       0x18 ./Drivers/STM32F4xx_HAL_Driver/Src/stm32f4xx_hal_cortex.o
                0x080019ae                HAL_SYSTICK_Config
 *fill*         0x080019c6        0x2 
 .text.HAL_GPIO_Init
                0x080019c8      0x328 ./Drivers/STM32F4xx_HAL_Driver/Src/stm32f4xx_hal_gpio.o
                0x080019c8                HAL_GPIO_Init
 .text.HAL_GPIO_WritePin
                0x08001cf0       0x32 ./Drivers/STM32F4xx_HAL_Driver/Src/stm32f4xx_hal_gpio.o
                0x08001cf0                HAL_GPIO_WritePin
 *fill*         0x08001d22        0x2 
 .text.HAL_I2C_Init
                0x08001d24      0x288 ./Drivers/STM32F4xx_HAL_Driver/Src/stm32f4xx_hal_i2c.o
                0x08001d24                HAL_I2C_Init
 .text.HAL_I2C_Mem_Write
                0x08001fac      0x1f4 ./Drivers/STM32F4xx_HAL_Driver/Src/stm32f4xx_hal_i2c.o
                0x08001fac                HAL_I2C_Mem_Write
 .text.HAL_I2C_Mem_Read
                0x080021a0      0x464 ./Drivers/STM32F4xx_HAL_Driver/Src/stm32f4xx_hal_i2c.o
                0x080021a0                HAL_I2C_Mem_Read
 .text.HAL_I2C_IsDeviceReady
                0x08002604      0x25c ./Drivers/STM32F4xx_HAL_Driver/Src/stm32f4xx_hal_i2c.o
                0x08002604                HAL_I2C_IsDeviceReady
 .text.I2C_RequestMemoryWrite
                0x08002860      0x12c ./Drivers/STM32F4xx_HAL_Driver/Src/stm32f4xx_hal_i2c.o
 .text.I2C_RequestMemoryRead
                0x0800298c      0x1d0 ./Drivers/STM32F4xx_HAL_Driver/Src/stm32f4xx_hal_i2c.o
 .text.I2C_WaitOnFlagUntilTimeout
                0x08002b5c       0xf4 ./Drivers/STM32F4xx_HAL_Driver/Src/stm32f4xx_hal_i2c.o
 .text.I2C_WaitOnMasterAddressFlagUntilTimeout
                0x08002c50      0x140 ./Drivers/STM32F4xx_HAL_Driver/Src/stm32f4xx_hal_i2c.o
 .text.I2C_WaitOnTXEFlagUntilTimeout
                0x08002d90       0x90 ./Drivers/STM32F4xx_HAL_Driver/Src/stm32f4xx_hal_i2c.o
 .text.I2C_WaitOnBTFFlagUntilTimeout
                0x08002e20       0x90 ./Drivers/STM32F4xx_HAL_Driver/Src/stm32f4xx_hal_i2c.o
 .text.I2C_WaitOnRXNEFlagUntilTimeout
                0x08002eb0       0xba ./Drivers/STM32F4xx_HAL_Driver/Src/stm32f4xx_hal_i2c.o
 .text.I2C_IsAcknowledgeFailed
                0x08002f6a       0x5e ./Drivers/STM32F4xx_HAL_Driver/Src/stm32f4xx_hal_i2c.o
 .text.HAL_RCC_ClockConfig
                0x08002fc8      0x1cc ./Drivers/STM32F4xx_HAL_Driver/Src/stm32f4xx_hal_rcc.o
                0x08002fc8                HAL_RCC_ClockConfig
 .text.HAL_RCC_GetHCLKFreq
                0x08003194       0x18 ./Drivers/STM32F4xx_HAL_Driver/Src/stm32f4xx_hal_rcc.o
                0x08003194                HAL_RCC_GetHCLKFreq
 .text.HAL_RCC_GetPCLK1Freq
                0x080031ac       0x28 ./Drivers/STM32F4xx_HAL_Driver/Src/stm32f4xx_hal_rcc.o
                0x080031ac                HAL_RCC_GetPCLK1Freq
 .text.HAL_RCC_GetPCLK2Freq
                0x080031d4       0x28 ./Drivers/STM32F4xx_HAL_Driver/Src/stm32f4xx_hal_rcc.o
                0x080031d4                HAL_RCC_GetPCLK2Freq
 .text.HAL_RCC_GetSysClockFreq
                0x080031fc      0x460 ./Drivers/STM32F4xx_HAL_Driver/Src/stm32f4xx_hal_rcc_ex.o
                0x080031fc                HAL_RCC_GetSysClockFreq
 .text.HAL_RCC_OscConfig
                0x0800365c      0x53c ./Drivers/STM32F4xx_HAL_Driver/Src/stm32f4xx_hal_rcc_ex.o
                0x0800365c                HAL_RCC_OscConfig
 .text.HAL_SPI_Init
                0x08003b98      0x112 ./Drivers/STM32F4xx_HAL_Driver/Src/stm32f4xx_hal_spi.o
                0x08003b98                HAL_SPI_Init
 .text.HAL_SPI_Transmit
                0x08003caa      0x288 ./Drivers/STM32F4xx_HAL_Driver/Src/stm32f4xx_hal_spi.o
                0x08003caa                HAL_SPI_Transmit
 .text.HAL_SPI_Receive
                0x08003f32      0x232 ./Drivers/STM32F4xx_HAL_Driver/Src/stm32f4xx_hal_spi.o
                0x08003f32                HAL_SPI_Receive
 .text.HAL_SPI_TransmitReceive
                0x08004164      0x352 ./Drivers/STM32F4xx_HAL_Driver/Src/stm32f4xx_hal_spi.o
                0x08004164                HAL_SPI_TransmitReceive
 *fill*         0x080044b6        0x2 
 .text.SPI_WaitFlagStateUntilTimeout
                0x080044b8      0x110 ./Drivers/STM32F4xx_HAL_Driver/Src/stm32f4xx_hal_spi.o
 .text.SPI_EndRxTransaction
                0x080045c8       0xca ./Drivers/STM32F4xx_HAL_Driver/Src/stm32f4xx_hal_spi.o
 *fill*         0x08004692        0x2 
 .text.SPI_EndRxTxTransaction
                0x08004694       0xa8 ./Drivers/STM32F4xx_HAL_Driver/Src/stm32f4xx_hal_spi.o
 .text.HAL_UART_Init
                0x0800473c       0xa0 ./Drivers/STM32F4xx_HAL_Driver/Src/stm32f4xx_hal_uart.o
                0x0800473c                HAL_UART_Init
 .text.UART_SetConfig
                0x080047dc      0x4e8 ./Drivers/STM32F4xx_HAL_Driver/Src/stm32f4xx_hal_uart.o
 .text.memset   0x08004cc4       0x10 C:/ST/STM32CubeIDE_1.16.1/STM32CubeIDE/plugins/com.st.stm32cube.ide.mcu.externaltools.gnu-tools-for-stm32.12.3.rel1.win32_1.0.200.202406191623/tools/bin/../lib/gcc/arm-none-eabi/12.3.1/../../../../arm-none-eabi/lib/thumb/v7e-m+fp/hard\libc_nano.a(libc_a-memset.o)
                0x08004cc4                memset
 .text.__libc_init_array
                0x08004cd4       0x48 C:/ST/STM32CubeIDE_1.16.1/STM32CubeIDE/plugins/com.st.stm32cube.ide.mcu.externaltools.gnu-tools-for-stm32.12.3.rel1.win32_1.0.200.202406191623/tools/bin/../lib/gcc/arm-none-eabi/12.3.1/../../../../arm-none-eabi/lib/thumb/v7e-m+fp/hard\libc_nano.a(libc_a-init.o)
                0x08004cd4                __libc_init_array
 *(.glue_7)
 .glue_7        0x08004d1c        0x0 linker stubs
 *(.glue_7t)
 .glue_7t       0x08004d1c        0x0 linker stubs
 *(.eh_frame)
 .eh_frame      0x08004d1c        0x0 C:/ST/STM32CubeIDE_1.16.1/STM32CubeIDE/plugins/com.st.stm32cube.ide.mcu.externaltools.gnu-tools-for-stm32.12.3.rel1.win32_1.0.200.202406191623/tools/bin/../lib/gcc/arm-none-eabi/12.3.1/thumb/v7e-m+fp/hard/crtbegin.o
 *(.init)
 .init          0x08004d1c        0x4 C:/ST/STM32CubeIDE_1.16.1/STM32CubeIDE/plugins/com.st.stm32cube.ide.mcu.externaltools.gnu-tools-for-stm32.12.3.rel1.win32_1.0.200.202406191623/tools/bin/../lib/gcc/arm-none-eabi/12.3.1/thumb/v7e-m+fp/hard/crti.o
                0x08004d1c                _init
 .init          0x08004d20        0x8 C:/ST/STM32CubeIDE_1.16.1/STM32CubeIDE/plugins/com.st.stm32cube.ide.mcu.externaltools.gnu-tools-for-stm32.12.3.rel1.win32_1.0.200.202406191623/tools/bin/../lib/gcc/arm-none-eabi/12.3.1/thumb/v7e-m+fp/hard/crtn.o
 *(.fini)
 .fini          0x08004d28        0x4 C:/ST/STM32CubeIDE_1.16.1/STM32CubeIDE/plugins/com.st.stm32cube.ide.mcu.externaltools.gnu-tools-for-stm32.12.3.rel1.win32_1.0.200.202406191623/tools/bin/../lib/gcc/arm-none-eabi/12.3.1/thumb/v7e-m+fp/hard/crti.o
                0x08004d28                _fini
 .fini          0x08004d2c        0x8 C:/ST/STM32CubeIDE_1.16.1/STM32CubeIDE/plugins/com.st.stm32cube.ide.mcu.externaltools.gnu-tools-for-stm32.12.3.rel1.win32_1.0.200.202406191623/tools/bin/../lib/gcc/arm-none-eabi/12.3.1/thumb/v7e-m+fp/hard/crtn.o
                0x08004d34                        . = ALIGN (0x4)
                0x08004d34                        _etext = .

.vfp11_veneer   0x08004d34        0x0
 .vfp11_veneer  0x08004d34        0x0 linker stubs

.v4_bx          0x08004d34        0x0
 .v4_bx         0x08004d34        0x0 linker stubs

.iplt           0x08004d34        0x0
 .iplt          0x08004d34        0x0 C:/ST/STM32CubeIDE_1.16.1/STM32CubeIDE/plugins/com.st.stm32cube.ide.mcu.externaltools.gnu-tools-for-stm32.12.3.rel1.win32_1.0.200.202406191623/tools/bin/../lib/gcc/arm-none-eabi/12.3.1/thumb/v7e-m+fp/hard/crtbegin.o

.rodata         0x08004d34       0x20
                0x08004d34                        . = ALIGN (0x4)
 *(.rodata)
 .rodata        0x08004d34        0x6 ./Core/Src/main.o
 *(.rodata*)
 *fill*         0x08004d3a        0x2 
 .rodata.AHBPrescTable
                0x08004d3c       0x10 ./Core/Src/system_stm32f4xx.o
                0x08004d3c                AHBPrescTable
 .rodata.APBPrescTable
                0x08004d4c        0x8 ./Core/Src/system_stm32f4xx.o
                0x08004d4c                APBPrescTable
                0x08004d54                        . = ALIGN (0x4)

.ARM.extab      0x08004d54        0x0
                0x08004d54                        . = ALIGN (0x4)
 *(.ARM.extab* .gnu.linkonce.armextab.*)
                0x08004d54                        . = ALIGN (0x4)

.ARM            0x08004d54        0x8
                0x08004d54                        . = ALIGN (0x4)
                0x08004d54                        __exidx_start = .
 *(.ARM.exidx*)
 .ARM.exidx     0x08004d54        0x8 C:/ST/STM32CubeIDE_1.16.1/STM32CubeIDE/plugins/com.st.stm32cube.ide.mcu.externaltools.gnu-tools-for-stm32.12.3.rel1.win32_1.0.200.202406191623/tools/bin/../lib/gcc/arm-none-eabi/12.3.1/thumb/v7e-m+fp/hard\libgcc.a(_udivmoddi4.o)
                0x08004d5c                        __exidx_end = .
                0x08004d5c                        . = ALIGN (0x4)

.preinit_array  0x08004d5c        0x0
                0x08004d5c                        . = ALIGN (0x4)
                0x08004d5c                        PROVIDE (__preinit_array_start = .)
 *(.preinit_array*)
                0x08004d5c                        PROVIDE (__preinit_array_end = .)
                0x08004d5c                        . = ALIGN (0x4)

.init_array     0x08004d5c        0x8
                0x08004d5c                        . = ALIGN (0x4)
                0x08004d5c                        PROVIDE (__init_array_start = .)
 *(SORT_BY_NAME(.init_array.*))
 *(.init_array*)
 .init_array    0x08004d5c        0x4 C:/ST/STM32CubeIDE_1.16.1/STM32CubeIDE/plugins/com.st.stm32cube.ide.mcu.externaltools.gnu-tools-for-stm32.12.3.rel1.win32_1.0.200.202406191623/tools/bin/../lib/gcc/arm-none-eabi/12.3.1/thumb/v7e-m+fp/hard/crtbegin.o
 .init_array    0x08004d60        0x4 ./Core/Src/main.o
                0x08004d64                        PROVIDE (__init_array_end = .)
                0x08004d64                        . = ALIGN (0x4)

.fini_array     0x08004d64        0x4
                0x08004d64                        . = ALIGN (0x4)
                [!provide]                        PROVIDE (__fini_array_start = .)
 *(SORT_BY_NAME(.fini_array.*))
 *(.fini_array*)
 .fini_array    0x08004d64        0x4 C:/ST/STM32CubeIDE_1.16.1/STM32CubeIDE/plugins/com.st.stm32cube.ide.mcu.externaltools.gnu-tools-for-stm32.12.3.rel1.win32_1.0.200.202406191623/tools/bin/../lib/gcc/arm-none-eabi/12.3.1/thumb/v7e-m+fp/hard/crtbegin.o
                [!provide]                        PROVIDE (__fini_array_end = .)
                0x08004d68                        . = ALIGN (0x4)
                0x08004d68                        _sidata = LOADADDR (.data)

.rel.dyn        0x08004d68        0x0
 .rel.iplt      0x08004d68        0x0 C:/ST/STM32CubeIDE_1.16.1/STM32CubeIDE/plugins/com.st.stm32cube.ide.mcu.externaltools.gnu-tools-for-stm32.12.3.rel1.win32_1.0.200.202406191623/tools/bin/../lib/gcc/arm-none-eabi/12.3.1/thumb/v7e-m+fp/hard/crtbegin.o

.data           0x20000000        0xc load address 0x08004d68
                0x20000000                        . = ALIGN (0x4)
                0x20000000                        _sdata = .
 *(.data)
 *(.data*)
 .data.SystemCoreClock
                0x20000000        0x4 ./Core/Src/system_stm32f4xx.o
                0x20000000                SystemCoreClock
 .data.uwTickPrio
                0x20000004        0x4 ./Drivers/STM32F4xx_HAL_Driver/Src/stm32f4xx_hal.o
                0x20000004                uwTickPrio
 .data.uwTickFreq
                0x20000008        0x1 ./Drivers/STM32F4xx_HAL_Driver/Src/stm32f4xx_hal.o
                0x20000008                uwTickFreq
 *(.RamFunc)
 *(.RamFunc*)
                0x2000000c                        . = ALIGN (0x4)
 *fill*         0x20000009        0x3 
                0x2000000c                        _edata = .

.igot.plt       0x2000000c        0x0 load address 0x08004d74
 .igot.plt      0x2000000c        0x0 C:/ST/STM32CubeIDE_1.16.1/STM32CubeIDE/plugins/com.st.stm32cube.ide.mcu.externaltools.gnu-tools-for-stm32.12.3.rel1.win32_1.0.200.202406191623/tools/bin/../lib/gcc/arm-none-eabi/12.3.1/thumb/v7e-m+fp/hard/crtbegin.o
                0x2000000c                        . = ALIGN (0x4)

.bss            0x2000000c      0x150 load address 0x08004d74
                0x2000000c                        _sbss = .
                0x2000000c                        __bss_start__ = _sbss
 *(.bss)
 .bss           0x2000000c       0x1c C:/ST/STM32CubeIDE_1.16.1/STM32CubeIDE/plugins/com.st.stm32cube.ide.mcu.externaltools.gnu-tools-for-stm32.12.3.rel1.win32_1.0.200.202406191623/tools/bin/../lib/gcc/arm-none-eabi/12.3.1/thumb/v7e-m+fp/hard/crtbegin.o
 *(.bss*)
 .bss.hi2c1     0x20000028       0x54 ./Core/Src/main.o
                0x20000028                hi2c1
 .bss.hspi1     0x2000007c       0x58 ./Core/Src/main.o
                0x2000007c                hspi1
 .bss.huart2    0x200000d4       0x48 ./Core/Src/main.o
                0x200000d4                huart2
 .bss.TEMP_SENS_CS
                0x2000011c        0x8 ./Core/Src/main.o
                0x2000011c                TEMP_SENS_CS
 .bss.TEMP_RDY  0x20000124        0x8 ./Core/Src/main.o
                0x20000124                TEMP_RDY
 .bss.myPT100   0x2000012c       0x1c ./Core/Src/main.o
                0x2000012c                myPT100
 .bss.myMS      0x20000148       0x10 ./Core/Src/main.o
                0x20000148                myMS
 .bss.uwTick    0x20000158        0x4 ./Drivers/STM32F4xx_HAL_Driver/Src/stm32f4xx_hal.o
                0x20000158                uwTick
 *(COMMON)
                0x2000015c                        . = ALIGN (0x4)
                0x2000015c                        _ebss = .
                0x2000015c                        __bss_end__ = _ebss

._user_heap_stack
                0x2000015c      0x604 load address 0x08004d74
                0x20000160                        . = ALIGN (0x8)
 *fill*         0x2000015c        0x4 
                [!provide]                        PROVIDE (end = .)
                0x20000160                        PROVIDE (_end = .)
                0x20000360                        . = (. + _Min_Heap_Size)
 *fill*         0x20000160      0x200 
                0x20000760                        . = (. + _Min_Stack_Size)
 *fill*         0x20000360      0x400 
                0x20000760                        . = ALIGN (0x8)

/DISCARD/
 libc.a(*)
 libm.a(*)
 libgcc.a(*)

.ARM.attributes
                0x00000000       0x30
 *(.ARM.attributes)
 .ARM.attributes
                0x00000000       0x22 C:/ST/STM32CubeIDE_1.16.1/STM32CubeIDE/plugins/com.st.stm32cube.ide.mcu.externaltools.gnu-tools-for-stm32.12.3.rel1.win32_1.0.200.202406191623/tools/bin/../lib/gcc/arm-none-eabi/12.3.1/thumb/v7e-m+fp/hard/crti.o
 .ARM.attributes
                0x00000022       0x34 C:/ST/STM32CubeIDE_1.16.1/STM32CubeIDE/plugins/com.st.stm32cube.ide.mcu.externaltools.gnu-tools-for-stm32.12.3.rel1.win32_1.0.200.202406191623/tools/bin/../lib/gcc/arm-none-eabi/12.3.1/thumb/v7e-m+fp/hard/crtbegin.o
 .ARM.attributes
                0x00000056       0x34 ./Core/Modules/GPIO/GPIO.o
 .ARM.attributes
                0x0000008a       0x34 ./Core/Modules/MAX31865/MAX31865.o
 .ARM.attributes
                0x000000be       0x34 ./Core/Modules/MeasStoreage/MS.o
 .ARM.attributes
                0x000000f2       0x34 ./Core/Src/main.o
 .ARM.attributes
                0x00000126       0x34 ./Core/Src/stm32f4xx_hal_msp.o
 .ARM.attributes
                0x0000015a       0x34 ./Core/Src/stm32f4xx_it.o
 .ARM.attributes
                0x0000018e       0x34 ./Core/Src/system_stm32f4xx.o
 .ARM.attributes
                0x000001c2       0x21 ./Core/Startup/startup_stm32f446retx.o
 .ARM.attributes
                0x000001e3       0x34 ./Drivers/STM32F4xx_HAL_Driver/Src/stm32f4xx_hal.o
 .ARM.attributes
                0x00000217       0x34 ./Drivers/STM32F4xx_HAL_Driver/Src/stm32f4xx_hal_cortex.o
 .ARM.attributes
                0x0000024b       0x34 ./Drivers/STM32F4xx_HAL_Driver/Src/stm32f4xx_hal_gpio.o
 .ARM.attributes
                0x0000027f       0x34 ./Drivers/STM32F4xx_HAL_Driver/Src/stm32f4xx_hal_i2c.o
 .ARM.attributes
                0x000002b3       0x34 ./Drivers/STM32F4xx_HAL_Driver/Src/stm32f4xx_hal_rcc.o
 .ARM.attributes
                0x000002e7       0x34 ./Drivers/STM32F4xx_HAL_Driver/Src/stm32f4xx_hal_rcc_ex.o
 .ARM.attributes
                0x0000031b       0x34 ./Drivers/STM32F4xx_HAL_Driver/Src/stm32f4xx_hal_spi.o
 .ARM.attributes
                0x0000034f       0x34 ./Drivers/STM32F4xx_HAL_Driver/Src/stm32f4xx_hal_uart.o
 .ARM.attributes
                0x00000383       0x34 C:/ST/STM32CubeIDE_1.16.1/STM32CubeIDE/plugins/com.st.stm32cube.ide.mcu.externaltools.gnu-tools-for-stm32.12.3.rel1.win32_1.0.200.202406191623/tools/bin/../lib/gcc/arm-none-eabi/12.3.1/../../../../arm-none-eabi/lib/thumb/v7e-m+fp/hard\libc_nano.a(libc_a-memset.o)
 .ARM.attributes
                0x000003b7       0x34 C:/ST/STM32CubeIDE_1.16.1/STM32CubeIDE/plugins/com.st.stm32cube.ide.mcu.externaltools.gnu-tools-for-stm32.12.3.rel1.win32_1.0.200.202406191623/tools/bin/../lib/gcc/arm-none-eabi/12.3.1/../../../../arm-none-eabi/lib/thumb/v7e-m+fp/hard\libc_nano.a(libc_a-init.o)
 .ARM.attributes
                0x000003eb       0x22 C:/ST/STM32CubeIDE_1.16.1/STM32CubeIDE/plugins/com.st.stm32cube.ide.mcu.externaltools.gnu-tools-for-stm32.12.3.rel1.win32_1.0.200.202406191623/tools/bin/../lib/gcc/arm-none-eabi/12.3.1/thumb/v7e-m+fp/hard\libgcc.a(_aeabi_uldivmod.o)
 .ARM.attributes
                0x0000040d       0x34 C:/ST/STM32CubeIDE_1.16.1/STM32CubeIDE/plugins/com.st.stm32cube.ide.mcu.externaltools.gnu-tools-for-stm32.12.3.rel1.win32_1.0.200.202406191623/tools/bin/../lib/gcc/arm-none-eabi/12.3.1/thumb/v7e-m+fp/hard\libgcc.a(_udivmoddi4.o)
 .ARM.attributes
                0x00000441       0x22 C:/ST/STM32CubeIDE_1.16.1/STM32CubeIDE/plugins/com.st.stm32cube.ide.mcu.externaltools.gnu-tools-for-stm32.12.3.rel1.win32_1.0.200.202406191623/tools/bin/../lib/gcc/arm-none-eabi/12.3.1/thumb/v7e-m+fp/hard\libgcc.a(_dvmd_tls.o)
 .ARM.attributes
                0x00000463       0x22 C:/ST/STM32CubeIDE_1.16.1/STM32CubeIDE/plugins/com.st.stm32cube.ide.mcu.externaltools.gnu-tools-for-stm32.12.3.rel1.win32_1.0.200.202406191623/tools/bin/../lib/gcc/arm-none-eabi/12.3.1/thumb/v7e-m+fp/hard/crtn.o
OUTPUT(ProjektFeladat.elf elf32-littlearm)
LOAD linker stubs
LOAD C:/ST/STM32CubeIDE_1.16.1/STM32CubeIDE/plugins/com.st.stm32cube.ide.mcu.externaltools.gnu-tools-for-stm32.12.3.rel1.win32_1.0.200.202406191623/tools/bin/../lib/gcc/arm-none-eabi/12.3.1/../../../../arm-none-eabi/lib/thumb/v7e-m+fp/hard\libc.a
LOAD C:/ST/STM32CubeIDE_1.16.1/STM32CubeIDE/plugins/com.st.stm32cube.ide.mcu.externaltools.gnu-tools-for-stm32.12.3.rel1.win32_1.0.200.202406191623/tools/bin/../lib/gcc/arm-none-eabi/12.3.1/../../../../arm-none-eabi/lib/thumb/v7e-m+fp/hard\libm.a
LOAD C:/ST/STM32CubeIDE_1.16.1/STM32CubeIDE/plugins/com.st.stm32cube.ide.mcu.externaltools.gnu-tools-for-stm32.12.3.rel1.win32_1.0.200.202406191623/tools/bin/../lib/gcc/arm-none-eabi/12.3.1/thumb/v7e-m+fp/hard\libgcc.a

.debug_info     0x00000000     0xef99
 .debug_info    0x00000000      0x304 ./Core/Modules/GPIO/GPIO.o
 .debug_info    0x00000304     0x12f7 ./Core/Modules/MAX31865/MAX31865.o
 .debug_info    0x000015fb      0xfff ./Core/Modules/MeasStoreage/MS.o
 .debug_info    0x000025fa     0x1aad ./Core/Src/main.o
 .debug_info    0x000040a7      0xf41 ./Core/Src/stm32f4xx_hal_msp.o
 .debug_info    0x00004fe8      0x112 ./Core/Src/stm32f4xx_it.o
 .debug_info    0x000050fa      0x54a ./Core/Src/system_stm32f4xx.o
 .debug_info    0x00005644       0x30 ./Core/Startup/startup_stm32f446retx.o
 .debug_info    0x00005674      0x99a ./Drivers/STM32F4xx_HAL_Driver/Src/stm32f4xx_hal.o
 .debug_info    0x0000600e      0xdaa ./Drivers/STM32F4xx_HAL_Driver/Src/stm32f4xx_hal_cortex.o
 .debug_info    0x00006db8      0x70b ./Drivers/STM32F4xx_HAL_Driver/Src/stm32f4xx_hal_gpio.o
 .debug_info    0x000074c3     0x2421 ./Drivers/STM32F4xx_HAL_Driver/Src/stm32f4xx_hal_i2c.o
 .debug_info    0x000098e4      0x8eb ./Drivers/STM32F4xx_HAL_Driver/Src/stm32f4xx_hal_rcc.o
 .debug_info    0x0000a1cf      0x956 ./Drivers/STM32F4xx_HAL_Driver/Src/stm32f4xx_hal_rcc_ex.o
 .debug_info    0x0000ab25     0x1525 ./Drivers/STM32F4xx_HAL_Driver/Src/stm32f4xx_hal_spi.o
 .debug_info    0x0000c04a     0x2f4f ./Drivers/STM32F4xx_HAL_Driver/Src/stm32f4xx_hal_uart.o

.debug_abbrev   0x00000000     0x245f
 .debug_abbrev  0x00000000      0x1fb ./Core/Modules/GPIO/GPIO.o
 .debug_abbrev  0x000001fb      0x35a ./Core/Modules/MAX31865/MAX31865.o
 .debug_abbrev  0x00000555      0x33d ./Core/Modules/MeasStoreage/MS.o
 .debug_abbrev  0x00000892      0x432 ./Core/Src/main.o
 .debug_abbrev  0x00000cc4      0x1ef ./Core/Src/stm32f4xx_hal_msp.o
 .debug_abbrev  0x00000eb3       0x73 ./Core/Src/stm32f4xx_it.o
 .debug_abbrev  0x00000f26      0x11a ./Core/Src/system_stm32f4xx.o
 .debug_abbrev  0x00001040       0x24 ./Core/Startup/startup_stm32f446retx.o
 .debug_abbrev  0x00001064      0x214 ./Drivers/STM32F4xx_HAL_Driver/Src/stm32f4xx_hal.o
 .debug_abbrev  0x00001278      0x31d ./Drivers/STM32F4xx_HAL_Driver/Src/stm32f4xx_hal_cortex.o
 .debug_abbrev  0x00001595      0x1d4 ./Drivers/STM32F4xx_HAL_Driver/Src/stm32f4xx_hal_gpio.o
 .debug_abbrev  0x00001769      0x2ad ./Drivers/STM32F4xx_HAL_Driver/Src/stm32f4xx_hal_i2c.o
 .debug_abbrev  0x00001a16      0x2b7 ./Drivers/STM32F4xx_HAL_Driver/Src/stm32f4xx_hal_rcc.o
 .debug_abbrev  0x00001ccd      0x20a ./Drivers/STM32F4xx_HAL_Driver/Src/stm32f4xx_hal_rcc_ex.o
 .debug_abbrev  0x00001ed7      0x27a ./Drivers/STM32F4xx_HAL_Driver/Src/stm32f4xx_hal_spi.o
 .debug_abbrev  0x00002151      0x30e ./Drivers/STM32F4xx_HAL_Driver/Src/stm32f4xx_hal_uart.o

.debug_aranges  0x00000000      0xcd0
 .debug_aranges
                0x00000000       0x30 ./Core/Modules/GPIO/GPIO.o
 .debug_aranges
                0x00000030       0xb0 ./Core/Modules/MAX31865/MAX31865.o
 .debug_aranges
                0x000000e0       0x90 ./Core/Modules/MeasStoreage/MS.o
 .debug_aranges
                0x00000170       0x68 ./Core/Src/main.o
 .debug_aranges
                0x000001d8       0x50 ./Core/Src/stm32f4xx_hal_msp.o
 .debug_aranges
                0x00000228       0x60 ./Core/Src/stm32f4xx_it.o
 .debug_aranges
                0x00000288       0x28 ./Core/Src/system_stm32f4xx.o
 .debug_aranges
                0x000002b0       0x28 ./Core/Startup/startup_stm32f446retx.o
 .debug_aranges
                0x000002d8       0xf0 ./Drivers/STM32F4xx_HAL_Driver/Src/stm32f4xx_hal.o
 .debug_aranges
                0x000003c8      0x130 ./Drivers/STM32F4xx_HAL_Driver/Src/stm32f4xx_hal_cortex.o
 .debug_aranges
                0x000004f8       0x58 ./Drivers/STM32F4xx_HAL_Driver/Src/stm32f4xx_hal_gpio.o
 .debug_aranges
                0x00000550      0x2a8 ./Drivers/STM32F4xx_HAL_Driver/Src/stm32f4xx_hal_i2c.o
 .debug_aranges
                0x000007f8       0x88 ./Drivers/STM32F4xx_HAL_Driver/Src/stm32f4xx_hal_rcc.o
 .debug_aranges
                0x00000880       0x78 ./Drivers/STM32F4xx_HAL_Driver/Src/stm32f4xx_hal_rcc_ex.o
 .debug_aranges
                0x000008f8      0x1d0 ./Drivers/STM32F4xx_HAL_Driver/Src/stm32f4xx_hal_spi.o
 .debug_aranges
                0x00000ac8      0x208 ./Drivers/STM32F4xx_HAL_Driver/Src/stm32f4xx_hal_uart.o

.debug_rnglists
                0x00000000      0xa08
 .debug_rnglists
                0x00000000       0x1f ./Core/Modules/GPIO/GPIO.o
 .debug_rnglists
                0x0000001f       0x87 ./Core/Modules/MAX31865/MAX31865.o
 .debug_rnglists
                0x000000a6       0x6d ./Core/Modules/MeasStoreage/MS.o
 .debug_rnglists
                0x00000113       0x4c ./Core/Src/main.o
 .debug_rnglists
                0x0000015f       0x3a ./Core/Src/stm32f4xx_hal_msp.o
 .debug_rnglists
                0x00000199       0x43 ./Core/Src/stm32f4xx_it.o
 .debug_rnglists
                0x000001dc       0x1a ./Core/Src/system_stm32f4xx.o
 .debug_rnglists
                0x000001f6       0x19 ./Core/Startup/startup_stm32f446retx.o
 .debug_rnglists
                0x0000020f       0xaf ./Drivers/STM32F4xx_HAL_Driver/Src/stm32f4xx_hal.o
 .debug_rnglists
                0x000002be       0xe0 ./Drivers/STM32F4xx_HAL_Driver/Src/stm32f4xx_hal_cortex.o
 .debug_rnglists
                0x0000039e       0x3f ./Drivers/STM32F4xx_HAL_Driver/Src/stm32f4xx_hal_gpio.o
 .debug_rnglists
                0x000003dd      0x23c ./Drivers/STM32F4xx_HAL_Driver/Src/stm32f4xx_hal_i2c.o
 .debug_rnglists
                0x00000619       0x66 ./Drivers/STM32F4xx_HAL_Driver/Src/stm32f4xx_hal_rcc.o
 .debug_rnglists
                0x0000067f       0x5e ./Drivers/STM32F4xx_HAL_Driver/Src/stm32f4xx_hal_rcc_ex.o
 .debug_rnglists
                0x000006dd      0x16f ./Drivers/STM32F4xx_HAL_Driver/Src/stm32f4xx_hal_spi.o
 .debug_rnglists
                0x0000084c      0x1bc ./Drivers/STM32F4xx_HAL_Driver/Src/stm32f4xx_hal_uart.o

.debug_macro    0x00000000    0x23bc5
 .debug_macro   0x00000000      0x1ec ./Core/Modules/GPIO/GPIO.o
 .debug_macro   0x000001ec      0xb8c ./Core/Modules/GPIO/GPIO.o
 .debug_macro   0x00000d78      0x2a1 ./Core/Modules/GPIO/GPIO.o
 .debug_macro   0x00001019       0x2e ./Core/Modules/GPIO/GPIO.o
 .debug_macro   0x00001047       0x28 ./Core/Modules/GPIO/GPIO.o
 .debug_macro   0x0000106f       0x1c ./Core/Modules/GPIO/GPIO.o
 .debug_macro   0x0000108b       0x22 ./Core/Modules/GPIO/GPIO.o
 .debug_macro   0x000010ad       0x8e ./Core/Modules/GPIO/GPIO.o
 .debug_macro   0x0000113b       0x51 ./Core/Modules/GPIO/GPIO.o
 .debug_macro   0x0000118c      0x103 ./Core/Modules/GPIO/GPIO.o
 .debug_macro   0x0000128f       0x6a ./Core/Modules/GPIO/GPIO.o
 .debug_macro   0x000012f9      0x1df ./Core/Modules/GPIO/GPIO.o
 .debug_macro   0x000014d8       0x1c ./Core/Modules/GPIO/GPIO.o
 .debug_macro   0x000014f4       0x22 ./Core/Modules/GPIO/GPIO.o
 .debug_macro   0x00001516       0xfb ./Core/Modules/GPIO/GPIO.o
 .debug_macro   0x00001611     0x1011 ./Core/Modules/GPIO/GPIO.o
 .debug_macro   0x00002622      0x11f ./Core/Modules/GPIO/GPIO.o
 .debug_macro   0x00002741    0x16749 ./Core/Modules/GPIO/GPIO.o
 .debug_macro   0x00018e8a       0x6d ./Core/Modules/GPIO/GPIO.o
 .debug_macro   0x00018ef7     0x369a ./Core/Modules/GPIO/GPIO.o
 .debug_macro   0x0001c591      0x190 ./Core/Modules/GPIO/GPIO.o
 .debug_macro   0x0001c721       0x5c ./Core/Modules/GPIO/GPIO.o
 .debug_macro   0x0001c77d      0xca5 ./Core/Modules/GPIO/GPIO.o
 .debug_macro   0x0001d422      0x9e9 ./Core/Modules/GPIO/GPIO.o
 .debug_macro   0x0001de0b      0x115 ./Core/Modules/GPIO/GPIO.o
 .debug_macro   0x0001df20      0x1a0 ./Core/Modules/GPIO/GPIO.o
 .debug_macro   0x0001e0c0       0xa5 ./Core/Modules/GPIO/GPIO.o
 .debug_macro   0x0001e165      0x16d ./Core/Modules/GPIO/GPIO.o
 .debug_macro   0x0001e2d2      0x287 ./Core/Modules/GPIO/GPIO.o
 .debug_macro   0x0001e559       0x5f ./Core/Modules/GPIO/GPIO.o
 .debug_macro   0x0001e5b8      0x236 ./Core/Modules/GPIO/GPIO.o
 .debug_macro   0x0001e7ee      0x132 ./Core/Modules/GPIO/GPIO.o
 .debug_macro   0x0001e920      0x29c ./Core/Modules/GPIO/GPIO.o
 .debug_macro   0x0001ebbc       0x2e ./Core/Modules/GPIO/GPIO.o
 .debug_macro   0x0001ebea      0x1b5 ./Core/Modules/GPIO/GPIO.o
 .debug_macro   0x0001ed9f       0x22 ./Core/Modules/GPIO/GPIO.o
 .debug_macro   0x0001edc1       0xd6 ./Core/Modules/GPIO/GPIO.o
 .debug_macro   0x0001ee97      0x127 ./Core/Modules/GPIO/GPIO.o
 .debug_macro   0x0001efbe       0xe8 ./Core/Modules/GPIO/GPIO.o
 .debug_macro   0x0001f0a6       0x89 ./Core/Modules/GPIO/GPIO.o
 .debug_macro   0x0001f12f      0x225 ./Core/Modules/GPIO/GPIO.o
 .debug_macro   0x0001f354      0x2aa ./Core/Modules/GPIO/GPIO.o
 .debug_macro   0x0001f5fe      0x126 ./Core/Modules/GPIO/GPIO.o
 .debug_macro   0x0001f724      0x204 ./Core/Modules/MAX31865/MAX31865.o
 .debug_macro   0x0001f928       0xa6 ./Core/Modules/MAX31865/MAX31865.o
 .debug_macro   0x0001f9ce       0x40 ./Core/Modules/MAX31865/MAX31865.o
 .debug_macro   0x0001fa0e      0x2b9 ./Core/Modules/MeasStoreage/MS.o
 .debug_macro   0x0001fcc7       0x5b ./Core/Modules/MeasStoreage/MS.o
 .debug_macro   0x0001fd22       0x2a ./Core/Modules/MeasStoreage/MS.o
 .debug_macro   0x0001fd4c       0x94 ./Core/Modules/MeasStoreage/MS.o
 .debug_macro   0x0001fde0       0x43 ./Core/Modules/MeasStoreage/MS.o
 .debug_macro   0x0001fe23       0x34 ./Core/Modules/MeasStoreage/MS.o
 .debug_macro   0x0001fe57       0x16 ./Core/Modules/MeasStoreage/MS.o
 .debug_macro   0x0001fe6d       0x43 ./Core/Modules/MeasStoreage/MS.o
 .debug_macro   0x0001feb0       0x57 ./Core/Modules/MeasStoreage/MS.o
 .debug_macro   0x0001ff07       0x34 ./Core/Modules/MeasStoreage/MS.o
 .debug_macro   0x0001ff3b       0x10 ./Core/Modules/MeasStoreage/MS.o
 .debug_macro   0x0001ff4b       0x58 ./Core/Modules/MeasStoreage/MS.o
 .debug_macro   0x0001ffa3       0x8e ./Core/Modules/MeasStoreage/MS.o
 .debug_macro   0x00020031       0x16 ./Core/Modules/MeasStoreage/MS.o
 .debug_macro   0x00020047      0x177 ./Core/Modules/MeasStoreage/MS.o
 .debug_macro   0x000201be      0x38c ./Core/Modules/MeasStoreage/MS.o
 .debug_macro   0x0002054a       0x10 ./Core/Modules/MeasStoreage/MS.o
 .debug_macro   0x0002055a       0x35 ./Core/Modules/MeasStoreage/MS.o
 .debug_macro   0x0002058f       0x20 ./Core/Modules/MeasStoreage/MS.o
 .debug_macro   0x000205af       0x56 ./Core/Modules/MeasStoreage/MS.o
 .debug_macro   0x00020605       0x2e ./Core/Modules/MeasStoreage/MS.o
 .debug_macro   0x00020633      0x2f0 ./Core/Src/main.o
 .debug_macro   0x00020923       0x64 ./Core/Src/main.o
 .debug_macro   0x00020987       0x61 ./Core/Src/main.o
 .debug_macro   0x000209e8      0x1ec ./Core/Src/stm32f4xx_hal_msp.o
 .debug_macro   0x00020bd4      0xab4 ./Core/Src/stm32f4xx_hal_msp.o
 .debug_macro   0x00021688     0x1011 ./Core/Src/stm32f4xx_hal_msp.o
 .debug_macro   0x00022699      0x189 ./Core/Src/stm32f4xx_hal_msp.o
 .debug_macro   0x00022822      0x1f6 ./Core/Src/stm32f4xx_it.o
 .debug_macro   0x00022a18      0x1dd ./Core/Src/system_stm32f4xx.o
 .debug_macro   0x00022bf5      0x23d ./Drivers/STM32F4xx_HAL_Driver/Src/stm32f4xx_hal.o
 .debug_macro   0x00022e32      0x1dd ./Drivers/STM32F4xx_HAL_Driver/Src/stm32f4xx_hal_cortex.o
 .debug_macro   0x0002300f      0x1e3 ./Drivers/STM32F4xx_HAL_Driver/Src/stm32f4xx_hal_gpio.o
 .debug_macro   0x000231f2      0x22b ./Drivers/STM32F4xx_HAL_Driver/Src/stm32f4xx_hal_i2c.o
 .debug_macro   0x0002341d      0x201 ./Drivers/STM32F4xx_HAL_Driver/Src/stm32f4xx_hal_rcc.o
 .debug_macro   0x0002361e      0x1dd ./Drivers/STM32F4xx_HAL_Driver/Src/stm32f4xx_hal_rcc_ex.o
 .debug_macro   0x000237fb      0x1ec ./Drivers/STM32F4xx_HAL_Driver/Src/stm32f4xx_hal_spi.o
 .debug_macro   0x000239e7      0x1de ./Drivers/STM32F4xx_HAL_Driver/Src/stm32f4xx_hal_uart.o

.debug_line     0x00000000    0x10ebe
 .debug_line    0x00000000      0x795 ./Core/Modules/GPIO/GPIO.o
 .debug_line    0x00000795      0xd5c ./Core/Modules/MAX31865/MAX31865.o
 .debug_line    0x000014f1      0xcfe ./Core/Modules/MeasStoreage/MS.o
 .debug_line    0x000021ef      0xc1e ./Core/Src/main.o
 .debug_line    0x00002e0d      0x84f ./Core/Src/stm32f4xx_hal_msp.o
 .debug_line    0x0000365c      0x828 ./Core/Src/stm32f4xx_it.o
 .debug_line    0x00003e84      0x7ea ./Core/Src/system_stm32f4xx.o
 .debug_line    0x0000466e       0x7a ./Core/Startup/startup_stm32f446retx.o
 .debug_line    0x000046e8      0xa53 ./Drivers/STM32F4xx_HAL_Driver/Src/stm32f4xx_hal.o
 .debug_line    0x0000513b      0xd45 ./Drivers/STM32F4xx_HAL_Driver/Src/stm32f4xx_hal_cortex.o
 .debug_line    0x00005e80      0xbcb ./Drivers/STM32F4xx_HAL_Driver/Src/stm32f4xx_hal_gpio.o
 .debug_line    0x00006a4b     0x3b99 ./Drivers/STM32F4xx_HAL_Driver/Src/stm32f4xx_hal_i2c.o
 .debug_line    0x0000a5e4      0xdea ./Drivers/STM32F4xx_HAL_Driver/Src/stm32f4xx_hal_rcc.o
 .debug_line    0x0000b3ce     0x145a ./Drivers/STM32F4xx_HAL_Driver/Src/stm32f4xx_hal_rcc_ex.o
 .debug_line    0x0000c828     0x1d71 ./Drivers/STM32F4xx_HAL_Driver/Src/stm32f4xx_hal_spi.o
 .debug_line    0x0000e599     0x2925 ./Drivers/STM32F4xx_HAL_Driver/Src/stm32f4xx_hal_uart.o

.debug_str      0x00000000    0xcdb75
 .debug_str     0x00000000    0xc56de ./Core/Modules/GPIO/GPIO.o
                              0xc5997 (size before relaxing)
 .debug_str     0x000c56de     0x11b1 ./Core/Modules/MAX31865/MAX31865.o
                              0xc6c35 (size before relaxing)
 .debug_str     0x000c688f     0x3b10 ./Core/Modules/MeasStoreage/MS.o
                              0xc9702 (size before relaxing)
 .debug_str     0x000ca39f      0x827 ./Core/Src/main.o
                              0xcac46 (size before relaxing)
 .debug_str     0x000cabc6      0x2c1 ./Core/Src/stm32f4xx_hal_msp.o
                              0xc5fac (size before relaxing)
 .debug_str     0x000cae87       0xc9 ./Core/Src/stm32f4xx_it.o
                              0xc5583 (size before relaxing)
 .debug_str     0x000caf50       0xdb ./Core/Src/system_stm32f4xx.o
                              0xc5569 (size before relaxing)
 .debug_str     0x000cb02b       0x44 ./Core/Startup/startup_stm32f446retx.o
                                 0x74 (size before relaxing)
 .debug_str     0x000cb06f      0xb07 ./Drivers/STM32F4xx_HAL_Driver/Src/stm32f4xx_hal.o
                              0xc612e (size before relaxing)
 .debug_str     0x000cbb76      0x389 ./Drivers/STM32F4xx_HAL_Driver/Src/stm32f4xx_hal_cortex.o
                              0xc5e85 (size before relaxing)
 .debug_str     0x000cbeff      0x101 ./Drivers/STM32F4xx_HAL_Driver/Src/stm32f4xx_hal_gpio.o
                              0xc56e4 (size before relaxing)
 .debug_str     0x000cc000      0xafc ./Drivers/STM32F4xx_HAL_Driver/Src/stm32f4xx_hal_i2c.o
                              0xc6567 (size before relaxing)
 .debug_str     0x000ccafc      0x208 ./Drivers/STM32F4xx_HAL_Driver/Src/stm32f4xx_hal_rcc.o
                              0xc59a2 (size before relaxing)
 .debug_str     0x000ccd04      0x324 ./Drivers/STM32F4xx_HAL_Driver/Src/stm32f4xx_hal_rcc_ex.o
                              0xc59d5 (size before relaxing)
 .debug_str     0x000cd028      0x53f ./Drivers/STM32F4xx_HAL_Driver/Src/stm32f4xx_hal_spi.o
                              0xc5e02 (size before relaxing)
 .debug_str     0x000cd567      0x60e ./Drivers/STM32F4xx_HAL_Driver/Src/stm32f4xx_hal_uart.o
                              0xc5f59 (size before relaxing)

.comment        0x00000000       0x43
 .comment       0x00000000       0x43 ./Core/Modules/GPIO/GPIO.o
                                 0x44 (size before relaxing)
 .comment       0x00000043       0x44 ./Core/Modules/MAX31865/MAX31865.o
 .comment       0x00000043       0x44 ./Core/Modules/MeasStoreage/MS.o
 .comment       0x00000043       0x44 ./Core/Src/main.o
 .comment       0x00000043       0x44 ./Core/Src/stm32f4xx_hal_msp.o
 .comment       0x00000043       0x44 ./Core/Src/stm32f4xx_it.o
 .comment       0x00000043       0x44 ./Core/Src/system_stm32f4xx.o
 .comment       0x00000043       0x44 ./Drivers/STM32F4xx_HAL_Driver/Src/stm32f4xx_hal.o
 .comment       0x00000043       0x44 ./Drivers/STM32F4xx_HAL_Driver/Src/stm32f4xx_hal_cortex.o
 .comment       0x00000043       0x44 ./Drivers/STM32F4xx_HAL_Driver/Src/stm32f4xx_hal_gpio.o
 .comment       0x00000043       0x44 ./Drivers/STM32F4xx_HAL_Driver/Src/stm32f4xx_hal_i2c.o
 .comment       0x00000043       0x44 ./Drivers/STM32F4xx_HAL_Driver/Src/stm32f4xx_hal_rcc.o
 .comment       0x00000043       0x44 ./Drivers/STM32F4xx_HAL_Driver/Src/stm32f4xx_hal_rcc_ex.o
 .comment       0x00000043       0x44 ./Drivers/STM32F4xx_HAL_Driver/Src/stm32f4xx_hal_spi.o
 .comment       0x00000043       0x44 ./Drivers/STM32F4xx_HAL_Driver/Src/stm32f4xx_hal_uart.o

.debug_frame    0x00000000     0x3594
 .debug_frame   0x00000000       0x80 ./Core/Modules/GPIO/GPIO.o
 .debug_frame   0x00000080      0x2c8 ./Core/Modules/MAX31865/MAX31865.o
 .debug_frame   0x00000348      0x24c ./Core/Modules/MeasStoreage/MS.o
 .debug_frame   0x00000594      0x148 ./Core/Src/main.o
 .debug_frame   0x000006dc      0x10c ./Core/Src/stm32f4xx_hal_msp.o
 .debug_frame   0x000007e8      0x104 ./Core/Src/stm32f4xx_it.o
 .debug_frame   0x000008ec       0x58 ./Core/Src/system_stm32f4xx.o
 .debug_frame   0x00000944      0x374 ./Drivers/STM32F4xx_HAL_Driver/Src/stm32f4xx_hal.o
 .debug_frame   0x00000cb8      0x508 ./Drivers/STM32F4xx_HAL_Driver/Src/stm32f4xx_hal_cortex.o
 .debug_frame   0x000011c0      0x14c ./Drivers/STM32F4xx_HAL_Driver/Src/stm32f4xx_hal_gpio.o
 .debug_frame   0x0000130c      0xc84 ./Drivers/STM32F4xx_HAL_Driver/Src/stm32f4xx_hal_i2c.o
 .debug_frame   0x00001f90      0x1f4 ./Drivers/STM32F4xx_HAL_Driver/Src/stm32f4xx_hal_rcc.o
 .debug_frame   0x00002184      0x1e8 ./Drivers/STM32F4xx_HAL_Driver/Src/stm32f4xx_hal_rcc_ex.o
 .debug_frame   0x0000236c      0x828 ./Drivers/STM32F4xx_HAL_Driver/Src/stm32f4xx_hal_spi.o
 .debug_frame   0x00002b94      0x954 ./Drivers/STM32F4xx_HAL_Driver/Src/stm32f4xx_hal_uart.o
 .debug_frame   0x000034e8       0x20 C:/ST/STM32CubeIDE_1.16.1/STM32CubeIDE/plugins/com.st.stm32cube.ide.mcu.externaltools.gnu-tools-for-stm32.12.3.rel1.win32_1.0.200.202406191623/tools/bin/../lib/gcc/arm-none-eabi/12.3.1/../../../../arm-none-eabi/lib/thumb/v7e-m+fp/hard\libc_nano.a(libc_a-memset.o)
 .debug_frame   0x00003508       0x2c C:/ST/STM32CubeIDE_1.16.1/STM32CubeIDE/plugins/com.st.stm32cube.ide.mcu.externaltools.gnu-tools-for-stm32.12.3.rel1.win32_1.0.200.202406191623/tools/bin/../lib/gcc/arm-none-eabi/12.3.1/../../../../arm-none-eabi/lib/thumb/v7e-m+fp/hard\libc_nano.a(libc_a-init.o)
 .debug_frame   0x00003534       0x2c C:/ST/STM32CubeIDE_1.16.1/STM32CubeIDE/plugins/com.st.stm32cube.ide.mcu.externaltools.gnu-tools-for-stm32.12.3.rel1.win32_1.0.200.202406191623/tools/bin/../lib/gcc/arm-none-eabi/12.3.1/thumb/v7e-m+fp/hard\libgcc.a(_aeabi_uldivmod.o)
 .debug_frame   0x00003560       0x34 C:/ST/STM32CubeIDE_1.16.1/STM32CubeIDE/plugins/com.st.stm32cube.ide.mcu.externaltools.gnu-tools-for-stm32.12.3.rel1.win32_1.0.200.202406191623/tools/bin/../lib/gcc/arm-none-eabi/12.3.1/thumb/v7e-m+fp/hard\libgcc.a(_udivmoddi4.o)

.debug_line_str
                0x00000000       0x58
 .debug_line_str
                0x00000000       0x58 ./Core/Startup/startup_stm32f446retx.o
