../Core/Src/main.cpp:124:6:void i2cScann(I2C_HandleTypeDef*, uint8_t*)	24	static
../Core/Src/main.cpp:142:6:void handleMessage()	16	static
../Core/Src/main.cpp:217:6:void HAL_UART_TxCpltCallback(UART_HandleTypeDef*)	16	static
../Core/Src/main.cpp:223:6:void HAL_UART_RxCpltCallback(UART_HandleTypeDef*)	16	static
../Core/Src/main.cpp:251:6:void HAL_GPIO_EXTI_Callback(uint16_t)	16	static
../Core/Src/main.cpp:266:5:int main()	184	static
../Core/Src/main.cpp:455:6:void SystemClock_Config()	88	static
../Core/Src/main.cpp:503:13:void MX_I2C1_Init()	8	static
../Core/Src/main.cpp:537:13:void MX_SPI1_Init()	8	static
../Core/Src/main.cpp:575:13:void MX_TIM3_Init()	32	static
../Core/Src/main.cpp:620:13:void MX_USART2_UART_Init()	8	static
../Core/Src/main.cpp:653:13:void MX_GPIO_Init()	48	static
../Core/Src/main.cpp:692:6:void HAL_TIM_PeriodElapsedCallback(TIM_HandleTypeDef*)	16	static
../Core/Src/main.cpp:717:6:void Error_Handler()	4	static,ignoring_inline_asm
../Core/Src/main.cpp:726:1:void __static_initialization_and_destruction_0(int, int)	24	static
../Core/Src/main.cpp:726:1:cpp)	8	static
